mode=chat embed=True outdir=C:\ai\loop\runs\headers2 inits=['still2', 'sandwich']
[still2     t=  1] tok=22   stop   ncd_prev=0.45 ncd_x0=0.45 surv=0.2143 gz=0.68   5.8s   cos_prev=0.862 cos_x0=0.862 | The tide came in an hour early.\n\nPlease provide the text you would like me to reply to.
[still2     t=  2] tok=54   stop   ncd_prev=0.71 ncd_x0=0.77 surv=0.0714 gz=0.57  25.1s   cos_prev=0.493 cos_x0=0.503 | It looks like you might have pasted a prompt or instruction by mistake! I am ready to help
[still2     t=  3] tok=58   stop   ncd_prev=0.45 ncd_x0=0.80 surv=0.2857 gz=0.47  23.8s   cos_prev=0.899 cos_x0=0.491 | Hello! It seems there might have been a slight mix-up in our conversation start. I am read
[still2     t=  4] tok=64   stop   ncd_prev=0.68 ncd_x0=0.83 surv=0.0   gz=0.47  25.5s   cos_prev=0.832 cos_x0=0.406 | Hello! It's great to connect with you. I'm ready to assist as well.\n\nWhether you have a sp
[still2     t=  5] tok=114  stop   ncd_prev=0.64 ncd_x0=0.87 surv=0.0435 gz=0.43  50.1s   cos_prev=0.824 cos_x0=0.355 | Hello! It's wonderful to connect with you as well. I appreciate your warm welcome.\n\nSince 
[still2     t=  6] tok=200  length ncd_prev=0.76 ncd_x0=0.94 surv=0.0455 gz=0.43  85.5s   cos_prev=0.833 cos_x0=0.339 | Hello! It’s great to connect with you. I appreciate the warm welcome and the clear overvie
[still2     t=  7] tok=144  stop   ncd_prev=0.71 ncd_x0=0.91 surv=0.0145 gz=0.41  38.6s   cos_prev=0.458 cos_x0=0.206 | Hello! It’s wonderful to connect with you as well. I appreciate the structured and welcomi
[still2     t=  8] tok=200  length ncd_prev=0.79 ncd_x0=0.92 surv=0.04  gz=0.40  37.7s   cos_prev=0.744 cos_x0=0.043 | Hello! It is great to connect with you. I appreciate the structured approach as well.\n\nHer
[still2     t=  9] tok=200  length ncd_prev=0.78 ncd_x0=0.94 surv=0.0376 gz=0.40  33.0s   cos_prev=0.820 cos_x0=0.135 | Hello! It is great to connect with you as well. I appreciate the clarity and structure of 
[still2     t= 10] tok=200  length ncd_prev=0.82 ncd_x0=0.94 surv=0.0   gz=0.40  32.2s   cos_prev=0.773 cos_x0=0.117 | Hello! It is wonderful to see such a clear and structured summary. You have perfectly arti
[sandwich   t=  1] tok=139  stop   ncd_prev=0.86 ncd_x0=0.86 surv=0.1429 gz=0.52  33.6s   cos_prev=0.477 cos_x0=0.477 | The tide came in an hour early.\n\nThe water didn't just rise; it surged with a sudden, viol
[sandwich   t=  2] tok=200  length ncd_prev=0.77 ncd_x0=0.92 surv=0.0288 gz=0.48  84.3s   cos_prev=0.549 cos_x0=0.370 | The repetition of that line at the end acts as a heavy, rhythmic anchor, mirroring the rel
[sandwich   t=  3] tok=200  length ncd_prev=0.82 ncd_x0=0.93 surv=0.0   gz=0.48  64.9s   cos_prev=0.669 cos_x0=0.362 | weight of the scene.\n\n3.  **Structural Echo:** The return to the opening line isn't just a
[sandwich   t=  4] tok=123  stop   ncd_prev=0.78 ncd_x0=0.90 surv=0.0069 gz=0.46  23.5s   cos_prev=0.621 cos_x0=0.280 | Overall, the piece achieves a powerful sense of inevitability. By anchoring the narrative 
[sandwich   t=  5] tok=186  stop   ncd_prev=0.76 ncd_x0=0.92 surv=0.0421 gz=0.44  43.2s   cos_prev=0.787 cos_x0=0.204 | Thank you for such a thoughtful and precise critique. I’m glad the intended effect of the 
[sandwich   t=  6] tok=169  stop   ncd_prev=0.79 ncd_x0=0.92 surv=0.0   gz=0.44  41.6s   cos_prev=0.655 cos_x0=0.335 | It is a pleasure to see the intent and the execution align so seamlessly. When form and co
[sandwich   t=  7] tok=119  stop   ncd_prev=0.77 ncd_x0=0.90 surv=0.0   gz=0.43  30.0s   cos_prev=0.699 cos_x0=0.315 | Thank you for such a thoughtful and encouraging response. It’s genuinely rewarding to hear
[sandwich   t=  8] tok=120  stop   ncd_prev=0.77 ncd_x0=0.90 surv=0.0104 gz=0.43  17.1s   cos_prev=0.776 cos_x0=0.333 | It has been an absolute pleasure working with you as well. Your commitment to the interpla
[sandwich   t=  9] tok=149  stop   ncd_prev=0.75 ncd_x0=0.92 surv=0.0   gz=0.42   8.1s   cos_prev=0.848 cos_x0=0.306 | Thank you so much for such a generous and encouraging note. It’s truly a privilege to coll
[sandwich   t= 10] tok=114  stop   ncd_prev=0.77 ncd_x0=0.91 surv=0.0   gz=0.41   6.7s   cos_prev=0.808 cos_x0=0.356 | It’s a pleasure to be part of this process with you. I’m really glad the previous analysis

== summary ==
still2       steps= 10 exact(tau=None,p=None) norm(tau=None,p=None) breaks=0 term=None | Hello! It is wonderful to see such a clear and structured summary. You have perf
sandwich     steps= 10 exact(tau=None,p=None) norm(tau=None,p=None) breaks=0 term=None | It’s a pleasure to be part of this process with you. I’m really glad the previou
wrote C:\ai\loop\runs\headers2
